// Jest Snapshot v1, https://goo.gl/fbAQLP

exports[`JualScreen should render JualScreen 1`] = `
<View
  style={
    Object {
      "flex": 1,
      "margin": 16,
    }
  }
>
  <View
    style={
      Object {
        "alignItems": "center",
        "flexDirection": "row",
        "height": 50,
        "justifyContent": "center",
        "marginTop": 40.019999999999996,
        "width": null,
      }
    }
  >
    <View
      accessible={true}
      collapsable={false}
      focusable={true}
      onClick={[Function]}
      onResponderGrant={[Function]}
      onResponderMove={[Function]}
      onResponderRelease={[Function]}
      onResponderTerminate={[Function]}
      onResponderTerminationRequest={[Function]}
      onStartShouldSetResponder={[Function]}
      style={
        Object {
          "left": 0,
          "opacity": 1,
          "position": "absolute",
        }
      }
    >
      <Text
        allowFontScaling={false}
        selectable={false}
        style={
          Array [
            Object {
              "color": "#112340",
              "fontSize": 24,
            },
            undefined,
            Object {
              "fontFamily": "Feather",
              "fontStyle": "normal",
              "fontWeight": "normal",
            },
            Object {},
          ]
        }
      >
        ÔÑê
      </Text>
    </View>
    <Text
      style={
        Object {
          "color": "#112340",
          "fontFamily": "Poppins-Bold",
          "fontSize": 22,
          "textAlign": "center",
        }
      }
    >
      Lengkapi Detail Produk
    </Text>
  </View>
  <View
    style={
      Object {
        "flex": 1,
        "justifyContent": "center",
      }
    }
  >
    <View
      style={
        Object {
          "alignItems": "center",
          "justifyContent": "center",
          "marginVertical": 24,
        }
      }
    >
      <test-file-stub
        style={
          Object {
            "height": 667,
            "resizeMode": "contain",
            "width": 600,
          }
        }
      />
      <Text
        style={
          Object {
            "color": "#7D8797",
            "fontFamily": "Poppins-Medium",
            "fontSize": 22,
            "textAlign": "center",
          }
        }
      >
        Anda belum login, Silahkan login terlebih dahulu
      </Text>
    </View>
    <View
      accessibilityState={
        Object {
          "disabled": false,
        }
      }
      accessible={true}
      collapsable={false}
      focusable={true}
      onClick={[Function]}
      onResponderGrant={[Function]}
      onResponderMove={[Function]}
      onResponderRelease={[Function]}
      onResponderTerminate={[Function]}
      onResponderTerminationRequest={[Function]}
      onStartShouldSetResponder={[Function]}
      style={
        Object {
          "backgroundColor": "#FF8303",
          "borderColor": "#FF8303",
          "borderRadius": 18.857142857142858,
          "borderWidth": 1,
          "bottom": 15,
          "left": 0,
          "opacity": 1,
          "paddingVertical": 10,
          "position": "absolute",
          "right": 0,
        }
      }
    >
      <Text
        style={
          Object {
            "color": "white",
            "fontFamily": "Poppins-Regular",
            "fontSize": 25.142857142857142,
            "textAlign": "center",
          }
        }
      >
        Login
      </Text>
    </View>
  </View>
</View>
`;
